[{"lines":{"found":16,"hit":7,"details":[{"line":9,"hit":1},{"line":15,"hit":1},{"line":16,"hit":1},{"line":29,"hit":1},{"line":31,"hit":0},{"line":32,"hit":0},{"line":34,"hit":0},{"line":35,"hit":0},{"line":36,"hit":0},{"line":37,"hit":0},{"line":40,"hit":1},{"line":46,"hit":1},{"line":47,"hit":0},{"line":49,"hit":0},{"line":56,"hit":1},{"line":57,"hit":0}]},"functions":{"hit":1,"found":4,"details":[{"name":"(anonymous_1)","line":15,"hit":1},{"name":"(anonymous_2)","line":46,"hit":0},{"name":"(anonymous_3)","line":47,"hit":0},{"name":"(anonymous_4)","line":56,"hit":0}]},"branches":{"hit":1,"found":2,"details":[{"line":29,"block":1,"branch":0,"taken":0},{"line":29,"block":1,"branch":1,"taken":1}]},"title":"","file":"/Volumes/Data/Git/DE-290/grunt-appc-coverage/lib/appc-coverage.js"}]